[backblue.gif]
[fade.gif]
[index.html]
[epic-dental.test/comments/feed/index.html]
[epic-dental.test/feed/index.html]
[epic-dental.test/wp-includes/js/jquery/jquery4a5f.js]
[epic-dental.test/wp-includes/js/jquery/jquery-migrate.min330a.js]
[epic-dental.test/xmlrpc0db0.php]
[epic-dental.test/wp-json/index.html]
[epic-dental.test/wp-json/oembed/1.0/embed8a01.json]
[epic-dental.test/wp-json/oembed/1.0/embed9f8e]
[epic-dental.test/wp-content/uploads/2020/02/cropped-epic-logo-1.png]
[epic-dental.test/wp-content/uploads/2020/02/bannerimg2.png]
[epic-dental.test/wp-content/uploads/2020/02/bannerimg3.png]
[epic-dental.test/wp-content/uploads/2020/02/icons8-user-100.png]
[epic-dental.test/wp-content/uploads/2020/02/icons8-add-user-group-man-man-100.png]
[epic-dental.test/wp-content/uploads/2020/02/icons8-checked-checkbox-96.png]
[epic-dental.test/wp-content/uploads/2020/02/icons8-time-machine-96.png]
[epic-dental.test/wp-content/uploads/2020/02/icons8-calendar-plus-96.png]
[dentalprime.dgsoft.eu/wp-content/themes/dentalprime/images/our-philosophy.png]
[epic-dental.test/wp-content/uploads/2020/02/icons8-bonds-96.png]
[epic-dental.test/wp-content/uploads/2020/02/icons8-add-to-clipboard-96.png]
[epic-dental.test/wp-content/uploads/2020/02/icons8-thumbs-up.png]
[epic-dental.test/wp-content/uploads/2020/02/icons8-renew-96.png]
[epic-dental.test/wp-content/uploads/2020/02/icons8-shop-location-96.png]
[epic-dental.test/wp-content/uploads/2020/02/icons8-money-box-96.png]
[epic-dental.test/wp-content/uploads/2020/02/Logo-Membersy-ftwrsymbl.png]
[epic-dental.test/wp-content/themes/understrap-master/js/theme.mina7cd.js]
[epic-dental.test/wp-content/themes/understrap-master/js/jarallex3958.js]
[epic-dental.test/wp-content/themes/understrap-master/js/feedbackslider3958.js]
[epic-dental.test/index.html]
[epic-dental.test/wp-includes/css/dist/block-library/style.min9dff.css]
[epic-dental.test/wp-content/themes/understrap-master/fonts/fontawesome-webfont3e6e.eot]
[epic-dental.test/wp-content/themes/understrap-master/fonts/fontawesome-webfontd41d.eot]
[epic-dental.test/wp-content/themes/understrap-master/fonts/fontawesome-webfont3e6e.woff2]
[epic-dental.test/wp-content/themes/understrap-master/fonts/fontawesome-webfont3e6e.woff]
[epic-dental.test/wp-content/themes/understrap-master/fonts/fontawesome-webfont3e6e.ttf]
[epic-dental.test/wp-content/uploads/2020/02/bg-overlay.jpg]
[epic-dental.test/wp-content/uploads/2020/02/epic-bg.png]
[epic-dental.test/wp-content/themes/understrap-master/css/theme.min3f4e.css]
[epic-dental.test/wp-content/themes/understrap-master/css/hover9dff.css]
[epic-dental.test/wp-json/oembed/1.0/embedbdfe.json]
[epic-dental.test/wp-json/oembed/1.0/embed2749]
[epic-dental.test/wp-content/uploads/2020/02/supportimg-1.png]
[epic-dental.test/faq/index.html]
[epic-dental.test/wp-json/oembed/1.0/embeddbfd.json]
[epic-dental.test/wp-json/oembed/1.0/embedd06a]
[epic-dental.test/wp-content/uploads/2020/02/epic-logo-1.png]
[epic-dental.test/wp-content/uploads/2020/02/icons8-user-100-2.png]
[epic-dental.test/wp-content/uploads/2020/02/icons8-add-user-group-man-man-100-1.png]
[epic-dental.test/pick-your-plan/index.html]
[epic-dental.test/wp-content/themes/understrap-master/fonts/fontawesome-webfont3e6e.svg]
[epic-dental.test/wp-content/themes/assets/img/cta-bg.html]
[epic-dental.test/wp-content/themes/assets/img/bg-overlay.html]
[epic-dental.test/index6f72.html]
[epic-dental.test/index5070.html]
